../Core/Src/Module/Ethernet/W5500/w5500_init.c:26:6:W5500_Init	32	static
../Core/Src/Module/Ethernet/W5500/w5500_init.c:45:6:W5500_NetConf	96	static
../Core/Src/Module/Ethernet/W5500/w5500_init.c:67:6:W5500_DisplayNetConf	56	static
../Core/Src/Module/Ethernet/W5500/w5500_init.c:85:6:W5500_GetNetConf	16	static
../Core/Src/Module/Ethernet/W5500/w5500_init.c:95:13:W5500_SetIpAddr	24	static
../Core/Src/Module/Ethernet/W5500/w5500_init.c:113:13:W5500_SetMacAddr	24	static
../Core/Src/Module/Ethernet/W5500/w5500_init.c:125:13:W5500_SetSubMask	24	static
../Core/Src/Module/Ethernet/W5500/w5500_init.c:143:13:W5500_SetGateway	24	static
../Core/Src/Module/Ethernet/W5500/w5500_init.c:161:6:W5500_WriteByte	16	static
../Core/Src/Module/Ethernet/W5500/w5500_init.c:172:9:W5500_ReadByte	16	static
../Core/Src/Module/Ethernet/W5500/w5500_init.c:185:6:W5500_Select	8	static
../Core/Src/Module/Ethernet/W5500/w5500_init.c:195:6:W5500_DeSelect	8	static
