../Core/Src/Module/NandFlash/nandFlash.c:28:6:FSMC_NAND_ReadId	24	static
../Core/Src/Module/NandFlash/nandFlash.c:43:9:FSMC_NAND_ChkDevice	16	static
../Core/Src/Module/NandFlash/nandFlash.c:81:10:FSMC_NAND_AddressIncrement	24	static
../Core/Src/Module/NandFlash/nandFlash.c:103:10:FSMC_NAND_ReadStatus	16	static
../Core/Src/Module/NandFlash/nandFlash.c:120:10:FSMC_NAND_GetStatus	16	static
../Core/Src/Module/NandFlash/nandFlash.c:140:10:FSMC_NAND_WriteSmallPage	56	static
../Core/Src/Module/NandFlash/nandFlash.c:180:10:FSMC_NAND_ReadSmallPage	56	static
../Core/Src/Module/NandFlash/nandFlash.c:215:10:FSMC_NAND_EraseBlock	16	static
../Core/Src/Module/NandFlash/nandFlash.c:225:6:FSMC_NAND_AllErase	16	static
../Core/Src/Module/NandFlash/nandFlash.c:277:6:FSMC_NAND_Test	24	static
../Core/Src/Module/NandFlash/nandFlash.c:301:9:NandFlash_initialize	16	static
../Core/Src/Module/NandFlash/nandFlash.c:311:9:NandFlash_status	16	static
../Core/Src/Module/NandFlash/nandFlash.c:329:9:NandFlash_read	32	static
../Core/Src/Module/NandFlash/nandFlash.c:355:9:NandFlash_write	56	static
../Core/Src/Module/NandFlash/nandFlash.c:497:9:NandFlash_ioctl	32	static
