../Core/Src/stm32f1xx_hal_msp.c:64:6:HAL_MspInit	24	static
../Core/Src/stm32f1xx_hal_msp.c:90:6:HAL_I2C_MspInit	40	static
../Core/Src/stm32f1xx_hal_msp.c:124:6:HAL_I2C_MspDeInit	16	static
../Core/Src/stm32f1xx_hal_msp.c:155:6:HAL_SPI_MspInit	40	static
../Core/Src/stm32f1xx_hal_msp.c:195:6:HAL_SPI_MspDeInit	16	static
../Core/Src/stm32f1xx_hal_msp.c:225:6:HAL_UART_MspInit	40	static
../Core/Src/stm32f1xx_hal_msp.c:264:6:HAL_UART_MspDeInit	16	static
../Core/Src/stm32f1xx_hal_msp.c:289:13:HAL_FSMC_MspInit	32	static
../Core/Src/stm32f1xx_hal_msp.c:340:6:HAL_NAND_MspInit	16	static
../Core/Src/stm32f1xx_hal_msp.c:352:13:HAL_FSMC_MspDeInit	8	static
../Core/Src/stm32f1xx_hal_msp.c:390:6:HAL_NAND_MspDeInit	16	static
