../Core/Src/Module/Ethernet/wizchip_conf.c:67:9:wizchip_cris_enter	4	static
../Core/Src/Module/Ethernet/wizchip_conf.c:75:9:wizchip_cris_exit	4	static
../Core/Src/Module/Ethernet/wizchip_conf.c:83:7:wizchip_cs_select	4	static
../Core/Src/Module/Ethernet/wizchip_conf.c:91:7:wizchip_cs_deselect	4	static
../Core/Src/Module/Ethernet/wizchip_conf.c:100:10:wizchip_bus_readdata	16	static
../Core/Src/Module/Ethernet/wizchip_conf.c:109:7:wizchip_bus_writedata	16	static
../Core/Src/Module/Ethernet/wizchip_conf.c:117:9:wizchip_spi_readbyte	4	static
../Core/Src/Module/Ethernet/wizchip_conf.c:125:7:wizchip_spi_writebyte	16	static
../Core/Src/Module/Ethernet/wizchip_conf.c:133:7:wizchip_spi_readburst	16	static
../Core/Src/Module/Ethernet/wizchip_conf.c:141:7:wizchip_spi_writeburst	16	static
../Core/Src/Module/Ethernet/wizchip_conf.c:193:6:reg_wizchip_cris_cbfunc	16	static
../Core/Src/Module/Ethernet/wizchip_conf.c:207:6:reg_wizchip_cs_cbfunc	16	static
../Core/Src/Module/Ethernet/wizchip_conf.c:223:6:reg_wizchip_bus_cbfunc	16	static
../Core/Src/Module/Ethernet/wizchip_conf.c:251:6:reg_wizchip_spi_cbfunc	16	static
../Core/Src/Module/Ethernet/wizchip_conf.c:268:6:reg_wizchip_spiburst_cbfunc	16	static
../Core/Src/Module/Ethernet/wizchip_conf.c:284:8:ctlwizchip	40	static
../Core/Src/Module/Ethernet/wizchip_conf.c:366:8:ctlnetwork	16	static
../Core/Src/Module/Ethernet/wizchip_conf.c:393:6:wizchip_sw_reset	32	static
../Core/Src/Module/Ethernet/wizchip_conf.c:418:8:wizchip_init	24	static
../Core/Src/Module/Ethernet/wizchip_conf.c:500:6:wizchip_clrinterrupt	24	static
../Core/Src/Module/Ethernet/wizchip_conf.c:527:11:wizchip_getinterrupt	16	static
../Core/Src/Module/Ethernet/wizchip_conf.c:558:6:wizchip_setinterruptmask	24	static
../Core/Src/Module/Ethernet/wizchip_conf.c:582:11:wizchip_getinterruptmask	16	static
../Core/Src/Module/Ethernet/wizchip_conf.c:611:8:wizphy_getphylink	16	static
../Core/Src/Module/Ethernet/wizchip_conf.c:632:8:wizphy_getphypmode	16	static
../Core/Src/Module/Ethernet/wizchip_conf.c:735:6:wizphy_reset	16	static
../Core/Src/Module/Ethernet/wizchip_conf.c:745:6:wizphy_setphyconf	24	static
../Core/Src/Module/Ethernet/wizchip_conf.c:775:6:wizphy_getphyconf	24	static
../Core/Src/Module/Ethernet/wizchip_conf.c:814:6:wizphy_getphystat	24	static
../Core/Src/Module/Ethernet/wizchip_conf.c:821:8:wizphy_setphypmode	24	static
../Core/Src/Module/Ethernet/wizchip_conf.c:847:6:wizchip_setnetinfo	16	static
../Core/Src/Module/Ethernet/wizchip_conf.c:860:6:wizchip_getnetinfo	16	static
../Core/Src/Module/Ethernet/wizchip_conf.c:873:8:wizchip_setnetmode	24	static
../Core/Src/Module/Ethernet/wizchip_conf.c:887:14:wizchip_getnetmode	8	static
../Core/Src/Module/Ethernet/wizchip_conf.c:892:6:wizchip_settimeout	16	static
../Core/Src/Module/Ethernet/wizchip_conf.c:898:6:wizchip_gettimeout	24	static
